{
    "-profile test": {
        "content": [
            {
                "BOWTIE2_ALIGN": {
                    "bowtie2": "2.5.4",
                    "pigz": 2.8,
                    "samtools": 1.21
                },
                "BRACKEN_BRACKEN": {
                    "bracken": "3.0.1"
                },
                "FASTP": {
                    "fastp": "1.0.1"
                },
                "FASTQC": {
                    "fastqc": "0.12.1"
                },
                "FASTQC_TRIMMED": {
                    "fastqc": "0.12.1"
                },
                "KRAKEN2_KRAKEN2": {
                    "kraken2": "2.1.6",
                    "pigz": 2.8
                },
                "SAMTOOLS_FASTQ": {
                    "samtools": "1.23.1"
                },
                "SAMTOOLS_INDEX": {
                    "samtools": "1.22.1"
                },
                "SAMTOOLS_STATS": {
                    "samtools": "1.22.1"
                },
                "SAMTOOLS_VIEW": {
                    "samtools": "1.22.1"
                },
                "SEQKIT_PAIR": {
                    "seqkit": "2.9.0"
                },
                "Workflow": {
                    "ucsd-cmi/compass": "v0.1.0"
                }
            },
            [
                "bowtie2",
                "bowtie2/ERR5766180_PRJEB44507.bam",
                "bowtie2/ERR5766180_PRJEB44507.bowtie2.log",
                "bowtie2/ERR5766180_PRJEB44507.unmapped_1.fastq.gz",
                "bowtie2/ERR5766180_PRJEB44507.unmapped_2.fastq.gz",
                "bowtie2/ERR5766181_PRJEB44507.bam",
                "bowtie2/ERR5766181_PRJEB44507.bowtie2.log",
                "bowtie2/ERR5766181_PRJEB44507.unmapped_1.fastq.gz",
                "bowtie2/ERR5766181_PRJEB44507.unmapped_2.fastq.gz",
                "bracken",
                "bracken/ERR5766180_PRJEB44507.kraken2.report_bracken.txt",
                "bracken/ERR5766180_PRJEB44507.tsv",
                "bracken/ERR5766181_PRJEB44507.kraken2.report_bracken.txt",
                "bracken/ERR5766181_PRJEB44507.tsv",
                "fastp",
                "fastp/ERR5766180_PRJEB44507.fastp.html",
                "fastp/ERR5766180_PRJEB44507.fastp.json",
                "fastp/ERR5766180_PRJEB44507.fastp.log",
                "fastp/ERR5766180_PRJEB44507.merged.fastq.gz",
                "fastp/ERR5766180_PRJEB44507_R1.fastp.fastq.gz",
                "fastp/ERR5766180_PRJEB44507_R2.fastp.fastq.gz",
                "fastp/ERR5766181_PRJEB44507.fastp.html",
                "fastp/ERR5766181_PRJEB44507.fastp.json",
                "fastp/ERR5766181_PRJEB44507.fastp.log",
                "fastp/ERR5766181_PRJEB44507.merged.fastq.gz",
                "fastp/ERR5766181_PRJEB44507_R1.fastp.fastq.gz",
                "fastp/ERR5766181_PRJEB44507_R2.fastp.fastq.gz",
                "fastqc",
                "fastqc/raw",
                "fastqc/raw/ERR5766180_PRJEB44507_raw_1_fastqc.html",
                "fastqc/raw/ERR5766180_PRJEB44507_raw_1_fastqc.zip",
                "fastqc/raw/ERR5766180_PRJEB44507_raw_2_fastqc.html",
                "fastqc/raw/ERR5766180_PRJEB44507_raw_2_fastqc.zip",
                "fastqc/raw/ERR5766181_PRJEB44507_raw_1_fastqc.html",
                "fastqc/raw/ERR5766181_PRJEB44507_raw_1_fastqc.zip",
                "fastqc/raw/ERR5766181_PRJEB44507_raw_2_fastqc.html",
                "fastqc/raw/ERR5766181_PRJEB44507_raw_2_fastqc.zip",
                "fastqc/trimmed",
                "fastqc/trimmed/ERR5766180_PRJEB44507_trimmed_1_fastqc.html",
                "fastqc/trimmed/ERR5766180_PRJEB44507_trimmed_1_fastqc.zip",
                "fastqc/trimmed/ERR5766180_PRJEB44507_trimmed_2_fastqc.html",
                "fastqc/trimmed/ERR5766180_PRJEB44507_trimmed_2_fastqc.zip",
                "fastqc/trimmed/ERR5766181_PRJEB44507_trimmed_1_fastqc.html",
                "fastqc/trimmed/ERR5766181_PRJEB44507_trimmed_1_fastqc.zip",
                "fastqc/trimmed/ERR5766181_PRJEB44507_trimmed_2_fastqc.html",
                "fastqc/trimmed/ERR5766181_PRJEB44507_trimmed_2_fastqc.zip",
                "kraken2",
                "kraken2/ERR5766180_PRJEB44507.classified_1.fastq.gz",
                "kraken2/ERR5766180_PRJEB44507.classified_2.fastq.gz",
                "kraken2/ERR5766180_PRJEB44507.kraken2.classifiedreads.txt",
                "kraken2/ERR5766180_PRJEB44507.kraken2.report.txt",
                "kraken2/ERR5766180_PRJEB44507.unclassified_1.fastq.gz",
                "kraken2/ERR5766180_PRJEB44507.unclassified_2.fastq.gz",
                "kraken2/ERR5766181_PRJEB44507.classified_1.fastq.gz",
                "kraken2/ERR5766181_PRJEB44507.classified_2.fastq.gz",
                "kraken2/ERR5766181_PRJEB44507.kraken2.classifiedreads.txt",
                "kraken2/ERR5766181_PRJEB44507.kraken2.report.txt",
                "kraken2/ERR5766181_PRJEB44507.unclassified_1.fastq.gz",
                "kraken2/ERR5766181_PRJEB44507.unclassified_2.fastq.gz",
                "multiqc",
                "multiqc/multiqc_data",
                "multiqc/multiqc_data/bowtie2_pe_plot.txt",
                "multiqc/multiqc_data/fastp-insert-size-plot.txt",
                "multiqc/multiqc_data/fastp-seq-content-gc-plot_Merged_and_filtered.txt",
                "multiqc/multiqc_data/fastp-seq-content-gc-plot_Read_1_Before_filtering.txt",
                "multiqc/multiqc_data/fastp-seq-content-gc-plot_Read_2_Before_filtering.txt",
                "multiqc/multiqc_data/fastp-seq-content-n-plot_Merged_and_filtered.txt",
                "multiqc/multiqc_data/fastp-seq-content-n-plot_Read_1_Before_filtering.txt",
                "multiqc/multiqc_data/fastp-seq-content-n-plot_Read_2_Before_filtering.txt",
                "multiqc/multiqc_data/fastp-seq-quality-plot_Merged_and_filtered.txt",
                "multiqc/multiqc_data/fastp-seq-quality-plot_Read_1_Before_filtering.txt",
                "multiqc/multiqc_data/fastp-seq-quality-plot_Read_2_Before_filtering.txt",
                "multiqc/multiqc_data/fastp_filtered_reads_plot.txt",
                "multiqc/multiqc_data/fastqc-status-check-heatmap.txt",
                "multiqc/multiqc_data/fastqc_adapter_content_plot.txt",
                "multiqc/multiqc_data/fastqc_overrepresented_sequences_plot.txt",
                "multiqc/multiqc_data/fastqc_per_base_n_content_plot.txt",
                "multiqc/multiqc_data/fastqc_per_base_sequence_quality_plot.txt",
                "multiqc/multiqc_data/fastqc_per_sequence_gc_content_plot_Counts.txt",
                "multiqc/multiqc_data/fastqc_per_sequence_gc_content_plot_Percentages.txt",
                "multiqc/multiqc_data/fastqc_per_sequence_quality_scores_plot.txt",
                "multiqc/multiqc_data/fastqc_sequence_counts_plot.txt",
                "multiqc/multiqc_data/fastqc_sequence_duplication_levels_plot.txt",
                "multiqc/multiqc_data/fastqc_sequence_length_distribution_plot.txt",
                "multiqc/multiqc_data/fastqc_top_overrepresented_sequences_table.txt",
                "multiqc/multiqc_data/kraken-top-n-plot_Class.txt",
                "multiqc/multiqc_data/kraken-top-n-plot_Family.txt",
                "multiqc/multiqc_data/kraken-top-n-plot_Genus.txt",
                "multiqc/multiqc_data/kraken-top-n-plot_Kingdom.txt",
                "multiqc/multiqc_data/kraken-top-n-plot_Order.txt",
                "multiqc/multiqc_data/kraken-top-n-plot_Phylum.txt",
                "multiqc/multiqc_data/kraken-top-n-plot_Species.txt",
                "multiqc/multiqc_data/kraken-top-n-plot_Unclassified.txt",
                "multiqc/multiqc_data/llms-full.txt",
                "multiqc/multiqc_data/multiqc.log",
                "multiqc/multiqc_data/multiqc.parquet",
                "multiqc/multiqc_data/multiqc_bowtie2.txt",
                "multiqc/multiqc_data/multiqc_citations.txt",
                "multiqc/multiqc_data/multiqc_data.json",
                "multiqc/multiqc_data/multiqc_fastp.txt",
                "multiqc/multiqc_data/multiqc_fastqc.txt",
                "multiqc/multiqc_data/multiqc_general_stats.txt",
                "multiqc/multiqc_data/multiqc_kraken.txt",
                "multiqc/multiqc_data/multiqc_samtools_stats.txt",
                "multiqc/multiqc_data/multiqc_software_versions.txt",
                "multiqc/multiqc_data/multiqc_sources.txt",
                "multiqc/multiqc_data/samtools-stats-dp.txt",
                "multiqc/multiqc_data/samtools_alignment_plot.txt",
                "multiqc/multiqc_report.html",
                "pipeline_info",
                "pipeline_info/compass_software_mqc_versions.yml",
                "samtools",
                "samtools/ERR5766180_PRJEB44507.bam.bai",
                "samtools/ERR5766180_PRJEB44507.stats",
                "samtools/ERR5766180_PRJEB44507.unmapped.bam",
                "samtools/ERR5766180_PRJEB44507_1.fastq.gz",
                "samtools/ERR5766180_PRJEB44507_2.fastq.gz",
                "samtools/ERR5766180_PRJEB44507_other.fastq.gz",
                "samtools/ERR5766180_PRJEB44507_singleton.fastq.gz",
                "samtools/ERR5766181_PRJEB44507.bam.bai",
                "samtools/ERR5766181_PRJEB44507.stats",
                "samtools/ERR5766181_PRJEB44507.unmapped.bam",
                "samtools/ERR5766181_PRJEB44507_1.fastq.gz",
                "samtools/ERR5766181_PRJEB44507_2.fastq.gz",
                "samtools/ERR5766181_PRJEB44507_other.fastq.gz",
                "samtools/ERR5766181_PRJEB44507_singleton.fastq.gz",
                "seqkit",
                "seqkit/ERR5766180_PRJEB44507_1.paired.fastq.gz",
                "seqkit/ERR5766180_PRJEB44507_2.paired.fastq.gz",
                "seqkit/ERR5766181_PRJEB44507_1.paired.fastq.gz",
                "seqkit/ERR5766181_PRJEB44507_2.paired.fastq.gz",
                "unzip",
                "unzip/chm13v2.0",
                "unzip/chm13v2.0/chm13v2.0",
                "unzip/chm13v2.0/chm13v2.0/chm13v2.0.1.bt2",
                "unzip/chm13v2.0/chm13v2.0/chm13v2.0.2.bt2",
                "unzip/chm13v2.0/chm13v2.0/chm13v2.0.3.bt2",
                "unzip/chm13v2.0/chm13v2.0/chm13v2.0.4.bt2",
                "unzip/chm13v2.0/chm13v2.0/chm13v2.0.rev.1.bt2",
                "unzip/chm13v2.0/chm13v2.0/chm13v2.0.rev.2.bt2"
            ],
            [
                "ERR5766180_PRJEB44507.bam:md5,4905719bcc93e3255781600ba9115309",
                "ERR5766180_PRJEB44507.bowtie2.log:md5,dd352cd5f829cf6672771db0e812cb23",
                "ERR5766180_PRJEB44507.unmapped_1.fastq.gz:md5,8b2c46dcd191b13dcdfccc8b86e74cd3",
                "ERR5766180_PRJEB44507.unmapped_2.fastq.gz:md5,036a5460f0252884e176f8e755fa2e76",
                "ERR5766181_PRJEB44507.bam:md5,5e8d9c1bab33ea7cb0bc504c47eaec7f",
                "ERR5766181_PRJEB44507.bowtie2.log:md5,0cd19193890c04305900a8c615c1a6a5",
                "ERR5766181_PRJEB44507.unmapped_1.fastq.gz:md5,582f068df8f92169fb1c3fec4b5a4ff7",
                "ERR5766181_PRJEB44507.unmapped_2.fastq.gz:md5,5a43a0b239f828b0f91d8e688434b89e",
                "ERR5766180_PRJEB44507.kraken2.report_bracken.txt:md5,088c691a452a0ba4ef8718afa0b84b02",
                "ERR5766180_PRJEB44507.tsv:md5,9fdcc0478cf50c27d0cd596674ad30fb",
                "ERR5766181_PRJEB44507.kraken2.report_bracken.txt:md5,701c20d1b64cc102213ab17ffa2ec7eb",
                "ERR5766181_PRJEB44507.tsv:md5,3a20b0d7d3936f82573b270038941a01",
                "ERR5766180_PRJEB44507.fastp.html:md5,6e5995432d3574539551005788398c85",
                "ERR5766180_PRJEB44507.fastp.json:md5,7870e9f5b565a7dae70f3be825248d9e",
                "ERR5766180_PRJEB44507.fastp.log:md5,34a097e8024b1d2a95b5714bcc1a5c87",
                "ERR5766180_PRJEB44507.merged.fastq.gz:md5,19e85cd165e6464528d7d3208b192aa8",
                "ERR5766180_PRJEB44507_R1.fastp.fastq.gz:md5,0b0c51ae90c9e55a8bf8a41e8e26d4fd",
                "ERR5766180_PRJEB44507_R2.fastp.fastq.gz:md5,a1b943b168774bf1dabeb0e4bd29df0f",
                "ERR5766181_PRJEB44507.fastp.html:md5,8b3b7442c2534f28548bfea8dce53806",
                "ERR5766181_PRJEB44507.fastp.json:md5,9fc6bd211262fdad7223e53f5a0a7838",
                "ERR5766181_PRJEB44507.fastp.log:md5,7495c8210a3692232ce3931bad284048",
                "ERR5766181_PRJEB44507.merged.fastq.gz:md5,a23944688c01962659a2025375dc15f1",
                "ERR5766181_PRJEB44507_R1.fastp.fastq.gz:md5,4476a06ba6df3d20c727ba30a5ae1a01",
                "ERR5766181_PRJEB44507_R2.fastp.fastq.gz:md5,76f314964967fa3664168de970bdd2fd",
                "ERR5766180_PRJEB44507_raw_1_fastqc.html:md5,9e1a4b58851bd2d128c35b9bae003e62",
                "ERR5766180_PRJEB44507_raw_1_fastqc.zip:md5,fa1fc5533161497b13ca6c7c07a4f987",
                "ERR5766180_PRJEB44507_raw_2_fastqc.html:md5,e73b4ce1e520ef7c6569ff12b506ca60",
                "ERR5766180_PRJEB44507_raw_2_fastqc.zip:md5,8da363c50b85020f8ddc424abf5b45e8",
                "ERR5766181_PRJEB44507_raw_1_fastqc.html:md5,da334ea8a5130b88b64463ca77577f95",
                "ERR5766181_PRJEB44507_raw_1_fastqc.zip:md5,661c22ec26198eb0cb32e63feaa67029",
                "ERR5766181_PRJEB44507_raw_2_fastqc.html:md5,b363f589da6ab40507d74b8be9047daa",
                "ERR5766181_PRJEB44507_raw_2_fastqc.zip:md5,4546c6db035507e961d784119f8dd6b3",
                "ERR5766180_PRJEB44507_trimmed_1_fastqc.html:md5,e7e86aa03a70b7e19ea6b1a1a3aada3d",
                "ERR5766180_PRJEB44507_trimmed_1_fastqc.zip:md5,d9e171990d2fc01dabbac009ffb3c856",
                "ERR5766180_PRJEB44507_trimmed_2_fastqc.html:md5,74ddc44d4b65f7b3a161af5c33d49abb",
                "ERR5766180_PRJEB44507_trimmed_2_fastqc.zip:md5,f7b88193ccd085e58886ae2d763262a3",
                "ERR5766181_PRJEB44507_trimmed_1_fastqc.html:md5,72f54220b1f61f2fd1d87f2a09416871",
                "ERR5766181_PRJEB44507_trimmed_1_fastqc.zip:md5,56760d77e46d54092d3e53b208e2768d",
                "ERR5766181_PRJEB44507_trimmed_2_fastqc.html:md5,01cea10b78b70bb9be63565262fad8a4",
                "ERR5766181_PRJEB44507_trimmed_2_fastqc.zip:md5,33e8dc095d5418852f62712f06f4632b",
                "ERR5766180_PRJEB44507.classified_1.fastq.gz:md5,20cfcd89d2e23e4d494e777d46461386",
                "ERR5766180_PRJEB44507.classified_2.fastq.gz:md5,cce8dfdb9fab777dca8f6e4bfe752734",
                "ERR5766180_PRJEB44507.kraken2.classifiedreads.txt:md5,9499f0c16c983576050e5fdb4e24fad1",
                "ERR5766180_PRJEB44507.kraken2.report.txt:md5,0b5f83055bc00efca8bdb6b4a6046ace",
                "ERR5766180_PRJEB44507.unclassified_1.fastq.gz:md5,efea08ec712af29d89950edaaf8c2cfa",
                "ERR5766180_PRJEB44507.unclassified_2.fastq.gz:md5,e2dc5117e8d4358e4645dd6e08281921",
                "ERR5766181_PRJEB44507.classified_1.fastq.gz:md5,93459dede094c4e52abaf2d7a7d03761",
                "ERR5766181_PRJEB44507.classified_2.fastq.gz:md5,a1062ddd20eae5cf71f64bdb53456e23",
                "ERR5766181_PRJEB44507.kraken2.classifiedreads.txt:md5,973cd66a2f8a78ba36c9df073b23e20a",
                "ERR5766181_PRJEB44507.kraken2.report.txt:md5,cd3cc6f47ab6cf263b7b0c155fba6e3f",
                "ERR5766181_PRJEB44507.unclassified_1.fastq.gz:md5,9d6772b7d3f98ec47b675a8d88fa977e",
                "ERR5766181_PRJEB44507.unclassified_2.fastq.gz:md5,20c1abacf06327cfd5c5e49563f29d94",
                "bowtie2_pe_plot.txt:md5,73b848fe3770fdec8c5d324e0f776866",
                "fastp-insert-size-plot.txt:md5,ae4609ba083cc4271e8f39a714ae559c",
                "fastp-seq-content-gc-plot_Merged_and_filtered.txt:md5,41654243dbb43a66ef34cc376dc15bb5",
                "fastp-seq-content-gc-plot_Read_1_Before_filtering.txt:md5,208e1c50c721712e3117ee0a3e66875d",
                "fastp-seq-content-gc-plot_Read_2_Before_filtering.txt:md5,212af6dac01d50c6c9b52c5e9d46ec7a",
                "fastp-seq-content-n-plot_Merged_and_filtered.txt:md5,0027a07df2ef9e25a76378c2b5550eb9",
                "fastp-seq-content-n-plot_Read_1_Before_filtering.txt:md5,0cac3bd8b3b8c77c3626741605b8171e",
                "fastp-seq-content-n-plot_Read_2_Before_filtering.txt:md5,6c074efab2957a97012701313f0ca86d",
                "fastp-seq-quality-plot_Merged_and_filtered.txt:md5,c1267473a808a4f054a6ec328cf726e6",
                "fastp-seq-quality-plot_Read_1_Before_filtering.txt:md5,e64246dd63a793988e505bbf5350a0d9",
                "fastp-seq-quality-plot_Read_2_Before_filtering.txt:md5,ea2c6e37c169aef118959d2536b83b37",
                "fastp_filtered_reads_plot.txt:md5,1fa9a7662768ce483ab52700827155b2",
                "fastqc-status-check-heatmap.txt:md5,ee74999ad2922e69b17397a3b5662689",
                "fastqc_adapter_content_plot.txt:md5,edbe48bbc69613dd0cb904c1e8110518",
                "fastqc_overrepresented_sequences_plot.txt:md5,abb1325e5a8a68b2ff5c4dd33f0d472f",
                "fastqc_per_base_n_content_plot.txt:md5,35ba24e853886a3bf837798304720cee",
                "fastqc_per_base_sequence_quality_plot.txt:md5,d851679fbdb58613c2f2a1ec68c80a28",
                "fastqc_per_sequence_gc_content_plot_Counts.txt:md5,28ac2958fa8a39a71dce83796fe9cec2",
                "fastqc_per_sequence_gc_content_plot_Percentages.txt:md5,1d8afaba8b440745862d5fddf194e3e1",
                "fastqc_per_sequence_quality_scores_plot.txt:md5,905c0e966d48b3bbcbbd3078fb7b307d",
                "fastqc_sequence_counts_plot.txt:md5,2814746b606e7de490a2f9a5b41197bd",
                "fastqc_sequence_duplication_levels_plot.txt:md5,5764df2764614ec48f2f2a9b568b7163",
                "fastqc_sequence_length_distribution_plot.txt:md5,230517d64c0d69e232aa4a86b5d99f33",
                "kraken-top-n-plot_Class.txt:md5,8745f67e738cc0ae3f72d7f555d28735",
                "kraken-top-n-plot_Family.txt:md5,8059e331c64d5a0fc7f5f859aba43e87",
                "kraken-top-n-plot_Genus.txt:md5,d2ce32f4e51705ec681f3ea5e24612a3",
                "kraken-top-n-plot_Kingdom.txt:md5,70e15a13cc224c5343dda15895d48fd3",
                "kraken-top-n-plot_Order.txt:md5,ebc860a63a9b34a7b76ccbaa80d8aded",
                "kraken-top-n-plot_Phylum.txt:md5,5060eb7fdccec4c3d049b3c952c8dd55",
                "kraken-top-n-plot_Species.txt:md5,3469d3340325457990b9b89835825471",
                "kraken-top-n-plot_Unclassified.txt:md5,290bc964882f8ff49954634e648415b3",
                "multiqc_bowtie2.txt:md5,f3414bf331cb161cb8cb8f9ef6c93193",
                "multiqc_citations.txt:md5,8d6a9e043acb2327435e69e1276f2cc3",
                "multiqc_fastp.txt:md5,221d89cad0fe96d2421e7c14cd837f1f",
                "multiqc_fastqc.txt:md5,5335617fde564fa22947c059405a1c0b",
                "multiqc_general_stats.txt:md5,3d4835e183879fc7bbdea38649e9b1e4",
                "multiqc_kraken.txt:md5,577a31b9d348e3766187f305277d108e",
                "multiqc_samtools_stats.txt:md5,14ddfdf9b73169935c6650d55bd0456c",
                "samtools-stats-dp.txt:md5,7e58fe172bcbe5c463fb8ed85959e24f",
                "samtools_alignment_plot.txt:md5,9d0e1b8b7765d26a308c14fc917387be",
                "ERR5766180_PRJEB44507.bam.bai:md5,4e5a3145ccc72602294aec73e0e8fcb6",
                "ERR5766180_PRJEB44507.stats:md5,0881a89aef41acbd229069a477a78b86",
                "ERR5766180_PRJEB44507.unmapped.bam:md5,9f697d7ecbc711ecf0cefff51a79b3c0",
                "ERR5766180_PRJEB44507_1.fastq.gz:md5,5d171a08640b869841ad8b2f7df32114",
                "ERR5766180_PRJEB44507_2.fastq.gz:md5,a35fcd250ae5ab37ef4c5c98e33e3117",
                "ERR5766180_PRJEB44507_other.fastq.gz:md5,d41d8cd98f00b204e9800998ecf8427e",
                "ERR5766180_PRJEB44507_singleton.fastq.gz:md5,d41d8cd98f00b204e9800998ecf8427e",
                "ERR5766181_PRJEB44507.bam.bai:md5,a8a79b378f50988b89d05b7068ad6acb",
                "ERR5766181_PRJEB44507.stats:md5,afe8364af90c5948371e3985174f01c2",
                "ERR5766181_PRJEB44507.unmapped.bam:md5,49f33ee657a86f971fd2fb10b48d577b",
                "ERR5766181_PRJEB44507_1.fastq.gz:md5,bc99155c3a331d66f7bca0a4479f6ee6",
                "ERR5766181_PRJEB44507_2.fastq.gz:md5,38290c03526b84bbec8ed23b74c96add",
                "ERR5766181_PRJEB44507_other.fastq.gz:md5,d41d8cd98f00b204e9800998ecf8427e",
                "ERR5766181_PRJEB44507_singleton.fastq.gz:md5,d41d8cd98f00b204e9800998ecf8427e",
                "ERR5766180_PRJEB44507_1.paired.fastq.gz:md5,5d171a08640b869841ad8b2f7df32114",
                "ERR5766180_PRJEB44507_2.paired.fastq.gz:md5,a35fcd250ae5ab37ef4c5c98e33e3117",
                "ERR5766181_PRJEB44507_1.paired.fastq.gz:md5,bc99155c3a331d66f7bca0a4479f6ee6",
                "ERR5766181_PRJEB44507_2.paired.fastq.gz:md5,38290c03526b84bbec8ed23b74c96add",
                "chm13v2.0.1.bt2:md5,20901bcfe2065fc399d1d53ff87d39b3",
                "chm13v2.0.2.bt2:md5,5f09ff75d61ecae9a14fbf26916f2bcf",
                "chm13v2.0.3.bt2:md5,202208bb6de8fb51010d50a7e56aa717",
                "chm13v2.0.4.bt2:md5,798cadba311a10d612b877b2c5382536",
                "chm13v2.0.rev.1.bt2:md5,b3edaa2215e7d87d7306105789b126c2",
                "chm13v2.0.rev.2.bt2:md5,95f530d31dc402e9af9898874ff99c81"
            ]
        ],
        "meta": {
            "nf-test": "0.9.3",
            "nextflow": "25.10.3"
        },
        "timestamp": "2026-04-08T15:57:10.836772"
    }
}